Archive member included to satisfy reference by file (symbol)

c:/program files (x86)/atmel/studio/7.0/toolchain/arm/arm-gnu-toolchain/bin/../lib/gcc/arm-none-eabi/6.3.1/thumb/v6-m\libgcc.a(_udivsi3.o)
                              src/ASF/sam0/drivers/system/clock/clock_samd21_r21_da_ha1/clock.o (__aeabi_uidiv)
c:/program files (x86)/atmel/studio/7.0/toolchain/arm/arm-gnu-toolchain/bin/../lib/gcc/arm-none-eabi/6.3.1/thumb/v6-m\libgcc.a(_dvmd_tls.o)
                              c:/program files (x86)/atmel/studio/7.0/toolchain/arm/arm-gnu-toolchain/bin/../lib/gcc/arm-none-eabi/6.3.1/thumb/v6-m\libgcc.a(_udivsi3.o) (__aeabi_idiv0)
c:/program files (x86)/atmel/studio/7.0/toolchain/arm/arm-gnu-toolchain/bin/../lib/gcc/arm-none-eabi/6.3.1/../../../../arm-none-eabi/lib/thumb/v6-m\libc_nano.a(lib_a-exit.o)
                              c:/program files (x86)/atmel/studio/7.0/toolchain/arm/arm-gnu-toolchain/bin/../lib/gcc/arm-none-eabi/6.3.1/../../../../arm-none-eabi/lib/thumb/v6-m/crt0.o (exit)
c:/program files (x86)/atmel/studio/7.0/toolchain/arm/arm-gnu-toolchain/bin/../lib/gcc/arm-none-eabi/6.3.1/../../../../arm-none-eabi/lib/thumb/v6-m\libc_nano.a(lib_a-impure.o)
                              c:/program files (x86)/atmel/studio/7.0/toolchain/arm/arm-gnu-toolchain/bin/../lib/gcc/arm-none-eabi/6.3.1/../../../../arm-none-eabi/lib/thumb/v6-m\libc_nano.a(lib_a-exit.o) (_global_impure_ptr)
c:/program files (x86)/atmel/studio/7.0/toolchain/arm/arm-gnu-toolchain/bin/../lib/gcc/arm-none-eabi/6.3.1/../../../../arm-none-eabi/lib/thumb/v6-m\libc_nano.a(lib_a-init.o)
                              c:/program files (x86)/atmel/studio/7.0/toolchain/arm/arm-gnu-toolchain/bin/../lib/gcc/arm-none-eabi/6.3.1/../../../../arm-none-eabi/lib/thumb/v6-m/crt0.o (__libc_init_array)
c:/program files (x86)/atmel/studio/7.0/toolchain/arm/arm-gnu-toolchain/bin/../lib/gcc/arm-none-eabi/6.3.1/../../../../arm-none-eabi/lib/thumb/v6-m\libc_nano.a(lib_a-memset.o)
                              c:/program files (x86)/atmel/studio/7.0/toolchain/arm/arm-gnu-toolchain/bin/../lib/gcc/arm-none-eabi/6.3.1/../../../../arm-none-eabi/lib/thumb/v6-m/crt0.o (memset)

Allocating common symbols
Common symbol       size              file

ledValue            0x1               src/led-driver.o
_extint_dev         0x40              src/ASF/sam0/drivers/extint/extint_sam_d_r_h/extint.o
_current_channel    0x1               src/ASF/sam0/drivers/extint/extint_callback.o

Discarded input sections

 .text          0x00000000        0x0 c:/program files (x86)/atmel/studio/7.0/toolchain/arm/arm-gnu-toolchain/bin/../lib/gcc/arm-none-eabi/6.3.1/thumb/v6-m/crti.o
 .data          0x00000000        0x0 c:/program files (x86)/atmel/studio/7.0/toolchain/arm/arm-gnu-toolchain/bin/../lib/gcc/arm-none-eabi/6.3.1/thumb/v6-m/crti.o
 .bss           0x00000000        0x0 c:/program files (x86)/atmel/studio/7.0/toolchain/arm/arm-gnu-toolchain/bin/../lib/gcc/arm-none-eabi/6.3.1/thumb/v6-m/crti.o
 .data          0x00000000        0x4 c:/program files (x86)/atmel/studio/7.0/toolchain/arm/arm-gnu-toolchain/bin/../lib/gcc/arm-none-eabi/6.3.1/thumb/v6-m/crtbegin.o
 .text          0x00000000       0x78 c:/program files (x86)/atmel/studio/7.0/toolchain/arm/arm-gnu-toolchain/bin/../lib/gcc/arm-none-eabi/6.3.1/../../../../arm-none-eabi/lib/thumb/v6-m/crt0.o
 .data          0x00000000        0x0 c:/program files (x86)/atmel/studio/7.0/toolchain/arm/arm-gnu-toolchain/bin/../lib/gcc/arm-none-eabi/6.3.1/../../../../arm-none-eabi/lib/thumb/v6-m/crt0.o
 .bss           0x00000000        0x0 c:/program files (x86)/atmel/studio/7.0/toolchain/arm/arm-gnu-toolchain/bin/../lib/gcc/arm-none-eabi/6.3.1/../../../../arm-none-eabi/lib/thumb/v6-m/crt0.o
 .ARM.extab     0x00000000        0x0 c:/program files (x86)/atmel/studio/7.0/toolchain/arm/arm-gnu-toolchain/bin/../lib/gcc/arm-none-eabi/6.3.1/../../../../arm-none-eabi/lib/thumb/v6-m/crt0.o
 .ARM.exidx     0x00000000        0x8 c:/program files (x86)/atmel/studio/7.0/toolchain/arm/arm-gnu-toolchain/bin/../lib/gcc/arm-none-eabi/6.3.1/../../../../arm-none-eabi/lib/thumb/v6-m/crt0.o
 .ARM.attributes
                0x00000000       0x1b c:/program files (x86)/atmel/studio/7.0/toolchain/arm/arm-gnu-toolchain/bin/../lib/gcc/arm-none-eabi/6.3.1/../../../../arm-none-eabi/lib/thumb/v6-m/crt0.o
 .group         0x00000000        0x8 src/ASF/sam0/drivers/extint/extint_callback.o
 .group         0x00000000        0x8 src/ASF/sam0/drivers/extint/extint_callback.o
 .group         0x00000000        0x8 src/ASF/sam0/drivers/extint/extint_callback.o
 .group         0x00000000        0x8 src/ASF/sam0/drivers/extint/extint_callback.o
 .group         0x00000000        0x8 src/ASF/sam0/drivers/extint/extint_callback.o
 .group         0x00000000        0x8 src/ASF/sam0/drivers/extint/extint_callback.o
 .group         0x00000000        0x8 src/ASF/sam0/drivers/extint/extint_callback.o
 .group         0x00000000        0x8 src/ASF/sam0/drivers/extint/extint_callback.o
[...]
Memory Configuration

Name             Origin             Length             Attributes
rom              0x00000000         0x00040000         xr
ram              0x20000000         0x00008000         xrw
*default*        0x00000000         0xffffffff

Linker script and memory map

LOAD c:/program files (x86)/atmel/studio/7.0/toolchain/arm/arm-gnu-toolchain/bin/../lib/gcc/arm-none-eabi/6.3.1/thumb/v6-m/crti.o
LOAD c:/program files (x86)/atmel/studio/7.0/toolchain/arm/arm-gnu-toolchain/bin/../lib/gcc/arm-none-eabi/6.3.1/thumb/v6-m/crtbegin.o
LOAD c:/program files (x86)/atmel/studio/7.0/toolchain/arm/arm-gnu-toolchain/bin/../lib/gcc/arm-none-eabi/6.3.1/../../../../arm-none-eabi/lib/thumb/v6-m/crt0.o
LOAD src/ASF/sam0/drivers/extint/extint_callback.o
LOAD src/ASF/sam0/drivers/extint/extint_sam_d_r_h/extint.o
LOAD src/led-driver.o
LOAD src/ASF/common/utils/interrupt/interrupt_sam_nvic.o
LOAD src/ASF/sam0/boards/samr21_xplained_pro/board_init.o
LOAD src/ASF/sam0/drivers/port/port.o
LOAD src/ASF/sam0/drivers/system/clock/clock_samd21_r21_da_ha1/clock.o
LOAD src/ASF/sam0/drivers/system/clock/clock_samd21_r21_da_ha1/gclk.o
LOAD src/ASF/sam0/drivers/system/interrupt/system_interrupt.o
LOAD src/ASF/sam0/drivers/system/pinmux/pinmux.o
LOAD src/ASF/sam0/drivers/system/system.o
LOAD src/ASF/sam0/utils/cmsis/samr21/source/gcc/startup_samr21.o
LOAD src/ASF/sam0/utils/cmsis/samr21/source/system_samr21.o
LOAD src/ASF/sam0/utils/syscalls/gcc/syscalls.o
LOAD src/main.o
START GROUP
LOAD ../src/ASF/thirdparty/CMSIS/Lib/GCC\libarm_cortexM0l_math.a
LOAD c:/program files (x86)/atmel/studio/7.0/toolchain/arm/arm-gnu-toolchain/bin/../lib/gcc/arm-none-eabi/6.3.1/../../../../arm-none-eabi/lib/thumb/v6-m\libm.a
END GROUP
START GROUP
LOAD c:/program files (x86)/atmel/studio/7.0/toolchain/arm/arm-gnu-toolchain/bin/../lib/gcc/arm-none-eabi/6.3.1/thumb/v6-m\libgcc.a
LOAD c:/program files (x86)/atmel/studio/7.0/toolchain/arm/arm-gnu-toolchain/bin/../lib/gcc/arm-none-eabi/6.3.1/../../../../arm-none-eabi/lib/thumb/v6-m\libc_nano.a
END GROUP
START GROUP
LOAD c:/program files (x86)/atmel/studio/7.0/toolchain/arm/arm-gnu-toolchain/bin/../lib/gcc/arm-none-eabi/6.3.1/thumb/v6-m\libgcc.a
LOAD c:/program files (x86)/atmel/studio/7.0/toolchain/arm/arm-gnu-toolchain/bin/../lib/gcc/arm-none-eabi/6.3.1/../../../../arm-none-eabi/lib/thumb/v6-m\libc_nano.a
END GROUP
LOAD c:/program files (x86)/atmel/studio/7.0/toolchain/arm/arm-gnu-toolchain/bin/../lib/gcc/arm-none-eabi/6.3.1/thumb/v6-m/crtend.o
LOAD c:/program files (x86)/atmel/studio/7.0/toolchain/arm/arm-gnu-toolchain/bin/../lib/gcc/arm-none-eabi/6.3.1/thumb/v6-m/crtn.o
                0x00002000                STACK_SIZE = DEFINED (STACK_SIZE)?STACK_SIZE:DEFINED (__stack_size__)?__stack_size__:0x2000

.text           0x00000000      0xa74
                0x00000000                . = ALIGN (0x4)
                0x00000000                _sfixed = .
 *(.vectors .vectors.*)
 .vectors       0x00000000       0xb4 src/ASF/sam0/utils/cmsis/samr21/source/gcc/startup_samr21.o
                0x00000000                exception_table
 *(.text .text.* .gnu.linkonce.t.*)
 .text          0x000000b4       0x60 c:/program files (x86)/atmel/studio/7.0/toolchain/arm/arm-gnu-toolchain/bin/../lib/gcc/arm-none-eabi/6.3.1/thumb/v6-m/crtbegin.o
 .text.extint_register_callback
                0x00000114       0x2c src/ASF/sam0/drivers/extint/extint_callback.o
                0x00000114                extint_register_callback
 .text.extint_chan_enable_callback
                0x00000140       0x20 src/ASF/sam0/drivers/extint/extint_callback.o
                0x00000140                extint_chan_enable_callback
 .text.EIC_Handler
                0x00000160       0x54 src/ASF/sam0/drivers/extint/extint_callback.o
                0x00000160                EIC_Handler
 .text._extint_enable
                0x000001b4       0x18 src/ASF/sam0/drivers/extint/extint_sam_d_r_h/extint.o
 .text._system_extint_init
                0x000001cc       0x6c src/ASF/sam0/drivers/extint/extint_sam_d_r_h/extint.o
                0x000001cc                _system_extint_init
 .text.extint_chan_get_config_defaults
                0x00000238       0x14 src/ASF/sam0/drivers/extint/extint_sam_d_r_h/extint.o
                0x00000238                extint_chan_get_config_defaults
 .text.extint_chan_set_config
                0x0000024c       0x78 src/ASF/sam0/drivers/extint/extint_sam_d_r_h/extint.o
                0x0000024c                extint_chan_set_config
 .text.led_config
                0x000002c4        0xc src/led-driver.o
                0x000002c4                led_config
 .text.led_on   0x000002d0       0x2c src/led-driver.o
                0x000002d0                led_on
 .text.led_off  0x000002fc       0x2c src/led-driver.o
                0x000002fc                led_off
 .text.cpu_irq_enter_critical
                0x00000328       0x40 src/ASF/common/utils/interrupt/interrupt_sam_nvic.o
                0x00000328                cpu_irq_enter_critical
 .text.cpu_irq_leave_critical
                0x00000368       0x30 src/ASF/common/utils/interrupt/interrupt_sam_nvic.o
                0x00000368                cpu_irq_leave_critical
 .text.system_board_init
                0x00000398       0x38 src/ASF/sam0/boards/samr21_xplained_pro/board_init.o
                0x00000398                board_init
                0x00000398                system_board_init
 .text.port_pin_set_config
                0x000003d0       0x24 src/ASF/sam0/drivers/port/port.o
                0x000003d0                port_pin_set_config
 .text.system_clock_source_osc8m_set_config
                0x000003f4       0x3c src/ASF/sam0/drivers/system/clock/clock_samd21_r21_da_ha1/clock.o
                0x000003f4                system_clock_source_osc8m_set_config
 .text.system_clock_source_enable
                0x00000430       0xa8 src/ASF/sam0/drivers/system/clock/clock_samd21_r21_da_ha1/clock.o
                0x00000430                system_clock_source_enable
 .text.system_clock_init
                0x000004d8       0x98 src/ASF/sam0/drivers/system/clock/clock_samd21_r21_da_ha1/clock.o
                0x000004d8                system_clock_init
 .text.system_gclk_init
                0x00000570       0x24 src/ASF/sam0/drivers/system/clock/clock_samd21_r21_da_ha1/gclk.o
                0x00000570                system_gclk_init
 .text.system_gclk_gen_set_config
                0x00000594       0xb8 src/ASF/sam0/drivers/system/clock/clock_samd21_r21_da_ha1/gclk.o
                0x00000594                system_gclk_gen_set_config
 .text.system_gclk_gen_enable
                0x0000064c       0x44 src/ASF/sam0/drivers/system/clock/clock_samd21_r21_da_ha1/gclk.o
                0x0000064c                system_gclk_gen_enable
 .text.system_gclk_chan_enable
                0x00000690       0x30 src/ASF/sam0/drivers/system/clock/clock_samd21_r21_da_ha1/gclk.o
                0x00000690                system_gclk_chan_enable
 .text.system_gclk_chan_disable
                0x000006c0       0x5c src/ASF/sam0/drivers/system/clock/clock_samd21_r21_da_ha1/gclk.o
                0x000006c0                system_gclk_chan_disable
 .text.system_gclk_chan_set_config
                0x0000071c       0x1c src/ASF/sam0/drivers/system/clock/clock_samd21_r21_da_ha1/gclk.o
                0x0000071c                system_gclk_chan_set_config
 .text._system_pinmux_config
                0x00000738       0xa8 src/ASF/sam0/drivers/system/pinmux/pinmux.o
 .text.system_pinmux_pin_set_config
                0x000007e0       0x30 src/ASF/sam0/drivers/system/pinmux/pinmux.o
                0x000007e0                system_pinmux_pin_set_config
 .text._system_dummy_init
                0x00000810        0x2 src/ASF/sam0/drivers/system/system.o
                0x00000810                _system_events_init
                0x00000810                _system_dummy_init
                0x00000810                _system_divas_init
 *fill*         0x00000812        0x2 
 .text.system_init
                0x00000814       0x2c src/ASF/sam0/drivers/system/system.o
                0x00000814                system_init
 .text.Dummy_Handler
                0x00000840        0x2 src/ASF/sam0/utils/cmsis/samr21/source/gcc/startup_samr21.o
                0x00000840                DMAC_Handler
                0x00000840                HardFault_Handler
                0x00000840                AC_Handler
                0x00000840                SysTick_Handler
                0x00000840                PendSV_Handler
                0x00000840                NMI_Handler
                0x00000840                SERCOM1_Handler
                0x00000840                ADC_Handler
                0x00000840                TCC1_Handler
                0x00000840                SERCOM2_Handler
                0x00000840                TCC0_Handler
                0x00000840                RTC_Handler
                0x00000840                WDT_Handler
                0x00000840                TC4_Handler
                0x00000840                USB_Handler
                0x00000840                TC3_Handler
                0x00000840                Dummy_Handler
                0x00000840                PM_Handler
                0x00000840                SERCOM5_Handler
                0x00000840                SVC_Handler
                0x00000840                TCC2_Handler
                0x00000840                EVSYS_Handler
                0x00000840                SERCOM3_Handler
                0x00000840                SERCOM4_Handler
                0x00000840                NVMCTRL_Handler
                0x00000840                SERCOM0_Handler
                0x00000840                PTC_Handler
                0x00000840                TC5_Handler
                0x00000840                SYSCTRL_Handler
 *fill*         0x00000842        0x2 
 .text.Reset_Handler
                0x00000844       0xe4 src/ASF/sam0/utils/cmsis/samr21/source/gcc/startup_samr21.o
                0x00000844                Reset_Handler
 .text.extint_detection_callback
                0x00000928       0x38 src/main.o
                0x00000928                extint_detection_callback
 .text.configure_extint_channel
                0x00000960       0x30 src/main.o
                0x00000960                configure_extint_channel
 .text.configure_extint_callbacks
                0x00000990       0x24 src/main.o
                0x00000990                configure_extint_callbacks
 .text.main     0x000009b4       0x34 src/main.o
                0x000009b4                main
 .text.__libc_init_array
                0x000009e8       0x48 c:/program files (x86)/atmel/studio/7.0/toolchain/arm/arm-gnu-toolchain/bin/../lib/gcc/arm-none-eabi/6.3.1/../../../../arm-none-eabi/lib/thumb/v6-m\libc_nano.a(lib_a-init.o)
                0x000009e8                __libc_init_array
 *(.glue_7t)
 .glue_7t       0x00000a30        0x0 linker stubs
 *(.glue_7)
 .glue_7        0x00000a30        0x0 linker stubs
 *(.rodata .rodata* .gnu.linkonce.r.*)
 .rodata.system_clock_source_enable
                0x00000a30       0x24 src/ASF/sam0/drivers/system/clock/clock_samd21_r21_da_ha1/clock.o
 *(.ARM.extab* .gnu.linkonce.armextab.*)
                0x00000a54                . = ALIGN (0x4)
 *(.init)
 .init          0x00000a54        0x4 c:/program files (x86)/atmel/studio/7.0/toolchain/arm/arm-gnu-toolchain/bin/../lib/gcc/arm-none-eabi/6.3.1/thumb/v6-m/crti.o
                0x00000a54                _init
 .init          0x00000a58        0x8 c:/program files (x86)/atmel/studio/7.0/toolchain/arm/arm-gnu-toolchain/bin/../lib/gcc/arm-none-eabi/6.3.1/thumb/v6-m/crtn.o
                0x00000a60                . = ALIGN (0x4)
                0x00000a60                __preinit_array_start = .
 *(.preinit_array)
                0x00000a60                __preinit_array_end = .
                0x00000a60                . = ALIGN (0x4)
                0x00000a60                __init_array_start = .
 *(SORT(.init_array.*))
 *(.init_array)
 .init_array    0x00000a60        0x4 c:/program files (x86)/atmel/studio/7.0/toolchain/arm/arm-gnu-toolchain/bin/../lib/gcc/arm-none-eabi/6.3.1/thumb/v6-m/crtbegin.o
                0x00000a64                __init_array_end = .
                0x00000a64                . = ALIGN (0x4)
 *crtbegin.o(.ctors)
 *(EXCLUDE_FILE(*crtend.o) .ctors)
 *(SORT(.ctors.*))
 *crtend.o(.ctors)
                0x00000a64                . = ALIGN (0x4)
 *(.fini)
 .fini          0x00000a64        0x4 c:/program files (x86)/atmel/studio/7.0/toolchain/arm/arm-gnu-toolchain/bin/../lib/gcc/arm-none-eabi/6.3.1/thumb/v6-m/crti.o
                0x00000a64                _fini
 .fini          0x00000a68        0x8 c:/program files (x86)/atmel/studio/7.0/toolchain/arm/arm-gnu-toolchain/bin/../lib/gcc/arm-none-eabi/6.3.1/thumb/v6-m/crtn.o
                0x00000a70                . = ALIGN (0x4)
                0x00000a70                __fini_array_start = .
 *(.fini_array)
 .fini_array    0x00000a70        0x4 c:/program files (x86)/atmel/studio/7.0/toolchain/arm/arm-gnu-toolchain/bin/../lib/gcc/arm-none-eabi/6.3.1/thumb/v6-m/crtbegin.o
 *(SORT(.fini_array.*))
                0x00000a74                __fini_array_end = .
 *crtbegin.o(.dtors)
 *(EXCLUDE_FILE(*crtend.o) .dtors)
 *(SORT(.dtors.*))
 *crtend.o(.dtors)
                0x00000a74                . = ALIGN (0x4)
                0x00000a74                _efixed = .
                [!provide]                PROVIDE (__exidx_start, .)

.vfp11_veneer   0x00000a74        0x0
 .vfp11_veneer  0x00000a74        0x0 linker stubs

.v4_bx          0x00000a74        0x0
 .v4_bx         0x00000a74        0x0 linker stubs

.iplt           0x00000a74        0x0
 .iplt          0x00000a74        0x0 c:/program files (x86)/atmel/studio/7.0/toolchain/arm/arm-gnu-toolchain/bin/../lib/gcc/arm-none-eabi/6.3.1/thumb/v6-m/crtbegin.o

.eh_frame       0x00000a74        0x0
 .eh_frame      0x00000a74        0x0 c:/program files (x86)/atmel/studio/7.0/toolchain/arm/arm-gnu-toolchain/bin/../lib/gcc/arm-none-eabi/6.3.1/thumb/v6-m/crtbegin.o

.rel.dyn        0x00000a74        0x0
 .rel.iplt      0x00000a74        0x0 c:/program files (x86)/atmel/studio/7.0/toolchain/arm/arm-gnu-toolchain/bin/../lib/gcc/arm-none-eabi/6.3.1/thumb/v6-m/crtbegin.o

.jcr            0x00000a74        0x0
 .jcr           0x00000a74        0x0 c:/program files (x86)/atmel/studio/7.0/toolchain/arm/arm-gnu-toolchain/bin/../lib/gcc/arm-none-eabi/6.3.1/thumb/v6-m/crtbegin.o

.igot.plt       0x00000a74        0x0
 .igot.plt      0x00000a74        0x0 c:/program files (x86)/atmel/studio/7.0/toolchain/arm/arm-gnu-toolchain/bin/../lib/gcc/arm-none-eabi/6.3.1/thumb/v6-m/crtbegin.o

.ARM.exidx
 *(.ARM.exidx* .gnu.linkonce.armexidx.*)
                [!provide]                PROVIDE (__exidx_end, .)
                0x00000a74                . = ALIGN (0x4)
                0x00000a74                _etext = .

.relocate       0x20000000        0x4 load address 0x00000a74
                0x20000000                . = ALIGN (0x4)
                0x20000000                _srelocate = .
 *(.ramfunc .ramfunc.*)
 *(.data .data.*)
 .data.g_interrupt_enabled
                0x20000000        0x1 src/ASF/common/utils/interrupt/interrupt_sam_nvic.o
                0x20000000                g_interrupt_enabled
                0x20000004                . = ALIGN (0x4)
 *fill*         0x20000001        0x3 
                0x20000004                _erelocate = .

.bss            0x20000004       0x84 load address 0x00000a78
                0x20000004                . = ALIGN (0x4)
                0x20000004                _sbss = .
                0x20000004                _szero = .
 *(.bss .bss.*)
 .bss           0x20000004       0x1c c:/program files (x86)/atmel/studio/7.0/toolchain/arm/arm-gnu-toolchain/bin/../lib/gcc/arm-none-eabi/6.3.1/thumb/v6-m/crtbegin.o
 .bss.cpu_irq_critical_section_counter
                0x20000020        0x4 src/ASF/common/utils/interrupt/interrupt_sam_nvic.o
 .bss.cpu_irq_prev_interrupt_state
                0x20000024        0x1 src/ASF/common/utils/interrupt/interrupt_sam_nvic.o
 *fill*         0x20000025        0x3 
 .bss._system_clock_inst
                0x20000028       0x18 src/ASF/sam0/drivers/system/clock/clock_samd21_r21_da_ha1/clock.o
 *(COMMON)
 COMMON         0x20000040        0x1 src/ASF/sam0/drivers/extint/extint_callback.o
                0x20000040                _current_channel
 *fill*         0x20000041        0x3 
 COMMON         0x20000044       0x40 src/ASF/sam0/drivers/extint/extint_sam_d_r_h/extint.o
                0x20000044                _extint_dev
 COMMON         0x20000084        0x1 src/led-driver.o
                0x20000084                ledValue
                0x20000088                . = ALIGN (0x4)
 *fill*         0x20000085        0x3 
                0x20000088                _ebss = .
                0x20000088                _ezero = .

.stack          0x20000088     0x2000 load address 0x00000afc
                0x20000088                . = ALIGN (0x8)
                0x20000088                _sstack = .
                0x20002088                . = (. + STACK_SIZE)
 *fill*         0x20000088     0x2000 
                0x20002088                . = ALIGN (0x8)
                0x20002088                _estack = .
                0x20002088                . = ALIGN (0x4)
                0x20002088                _end = .
OUTPUT(GccBoardProject3.elf elf32-littlearm)

.ARM.attributes
                0x00000000       0x28
 .ARM.attributes
                0x00000000       0x1e c:/program files (x86)/atmel/studio/7.0/toolchain/arm/arm-gnu-toolchain/bin/../lib/gcc/arm-none-eabi/6.3.1/thumb/v6-m/crti.o
 .ARM.attributes
                0x0000001e       0x2c c:/program files (x86)/atmel/studio/7.0/toolchain/arm/arm-gnu-toolchain/bin/../lib/gcc/arm-none-eabi/6.3.1/thumb/v6-m/crtbegin.o
 .ARM.attributes
                0x0000004a       0x32 src/ASF/sam0/drivers/extint/extint_callback.o
 .ARM.attributes
                0x0000007c       0x32 src/ASF/sam0/drivers/extint/extint_sam_d_r_h/extint.o
 .ARM.attributes
                0x000000ae       0x32 src/led-driver.o
 .ARM.attributes
                0x000000e0       0x32 src/ASF/common/utils/interrupt/interrupt_sam_nvic.o
 .ARM.attributes
                0x00000112       0x32 src/ASF/sam0/boards/samr21_xplained_pro/board_init.o
 .ARM.attributes
                0x00000144       0x32 src/ASF/sam0/drivers/port/port.o
 .ARM.attributes
                0x00000176       0x32 src/ASF/sam0/drivers/system/clock/clock_samd21_r21_da_ha1/clock.o
 .ARM.attributes
                0x000001a8       0x32 src/ASF/sam0/drivers/system/clock/clock_samd21_r21_da_ha1/gclk.o
 .ARM.attributes
                0x000001da       0x32 src/ASF/sam0/drivers/system/pinmux/pinmux.o
 .ARM.attributes
                0x0000020c       0x32 src/ASF/sam0/drivers/system/system.o
 .ARM.attributes
                0x0000023e       0x32 src/ASF/sam0/utils/cmsis/samr21/source/gcc/startup_samr21.o
 .ARM.attributes
                0x00000270       0x32 src/main.o
 .ARM.attributes
                0x000002a2       0x2c c:/program files (x86)/atmel/studio/7.0/toolchain/arm/arm-gnu-toolchain/bin/../lib/gcc/arm-none-eabi/6.3.1/../../../../arm-none-eabi/lib/thumb/v6-m\libc_nano.a(lib_a-init.o)
 .ARM.attributes
                0x000002ce       0x1e c:/program files (x86)/atmel/studio/7.0/toolchain/arm/arm-gnu-toolchain/bin/../lib/gcc/arm-none-eabi/6.3.1/thumb/v6-m/crtn.o

.comment        0x00000000       0x59
 .comment       0x00000000       0x59 src/ASF/sam0/drivers/extint/extint_callback.o
                                 0x5a (size before relaxing)
 .comment       0x00000059       0x5a src/ASF/sam0/drivers/extint/extint_sam_d_r_h/extint.o
 .comment       0x00000059       0x5a src/led-driver.o
 .comment       0x00000059       0x5a src/ASF/common/utils/interrupt/interrupt_sam_nvic.o
 .comment       0x00000059       0x5a src/ASF/sam0/boards/samr21_xplained_pro/board_init.o
 .comment       0x00000059       0x5a src/ASF/sam0/drivers/port/port.o
 .comment       0x00000059       0x5a src/ASF/sam0/drivers/system/clock/clock_samd21_r21_da_ha1/clock.o
 .comment       0x00000059       0x5a src/ASF/sam0/drivers/system/clock/clock_samd21_r21_da_ha1/gclk.o
 .comment       0x00000059       0x5a src/ASF/sam0/drivers/system/pinmux/pinmux.o
 .comment       0x00000059       0x5a src/ASF/sam0/drivers/system/system.o
 .comment       0x00000059       0x5a src/ASF/sam0/utils/cmsis/samr21/source/gcc/startup_samr21.o
 .comment       0x00000059       0x5a src/main.o

.debug_info     0x00000000    0x14ac7
 .debug_info    0x00000000     0x19a7 src/ASF/sam0/drivers/extint/extint_callback.o
 .debug_info    0x000019a7     0x2a46 src/ASF/sam0/drivers/extint/extint_sam_d_r_h/extint.o
 .debug_info    0x000043ed     0x149a src/led-driver.o
 .debug_info    0x00005887      0xb07 src/ASF/common/utils/interrupt/interrupt_sam_nvic.o
 .debug_info    0x0000638e     0x12ac src/ASF/sam0/boards/samr21_xplained_pro/board_init.o
 .debug_info    0x0000763a     0x12b6 src/ASF/sam0/drivers/port/port.o
 .debug_info    0x000088f0     0x36f8 src/ASF/sam0/drivers/system/clock/clock_samd21_r21_da_ha1/clock.o
 .debug_info    0x0000bfe8     0x1e27 src/ASF/sam0/drivers/system/clock/clock_samd21_r21_da_ha1/gclk.o
 .debug_info    0x0000de0f     0x1374 src/ASF/sam0/drivers/system/pinmux/pinmux.o
 .debug_info    0x0000f183      0xa73 src/ASF/sam0/drivers/system/system.o
 .debug_info    0x0000fbf6     0x3a2c src/ASF/sam0/utils/cmsis/samr21/source/gcc/startup_samr21.o
 .debug_info    0x00013622     0x14a5 src/main.o

.debug_abbrev   0x00000000     0x25b6
 .debug_abbrev  0x00000000      0x333 src/ASF/sam0/drivers/extint/extint_callback.o
 .debug_abbrev  0x00000333      0x4b4 src/ASF/sam0/drivers/extint/extint_sam_d_r_h/extint.o
 .debug_abbrev  0x000007e7      0x308 src/led-driver.o
 .debug_abbrev  0x00000aef      0x22c src/ASF/common/utils/interrupt/interrupt_sam_nvic.o
 .debug_abbrev  0x00000d1b      0x2dc src/ASF/sam0/boards/samr21_xplained_pro/board_init.o
 .debug_abbrev  0x00000ff7      0x298 src/ASF/sam0/drivers/port/port.o
 .debug_abbrev  0x0000128f      0x465 src/ASF/sam0/drivers/system/clock/clock_samd21_r21_da_ha1/clock.o
 .debug_abbrev  0x000016f4      0x40d src/ASF/sam0/drivers/system/clock/clock_samd21_r21_da_ha1/gclk.o
 .debug_abbrev  0x00001b01      0x332 src/ASF/sam0/drivers/system/pinmux/pinmux.o
 .debug_abbrev  0x00001e33      0x1e1 src/ASF/sam0/drivers/system/system.o
 .debug_abbrev  0x00002014      0x234 src/ASF/sam0/utils/cmsis/samr21/source/gcc/startup_samr21.o
 .debug_abbrev  0x00002248      0x36e src/main.o

.debug_loc      0x00000000     0x2327
 .debug_loc     0x00000000      0x2ac src/ASF/sam0/drivers/extint/extint_callback.o
 .debug_loc     0x000002ac      0x43d src/ASF/sam0/drivers/extint/extint_sam_d_r_h/extint.o
 .debug_loc     0x000006e9      0x236 src/led-driver.o
 .debug_loc     0x0000091f       0x8a src/ASF/sam0/boards/samr21_xplained_pro/board_init.o
 .debug_loc     0x000009a9      0x13d src/ASF/sam0/drivers/port/port.o
 .debug_loc     0x00000ae6      0xec1 src/ASF/sam0/drivers/system/clock/clock_samd21_r21_da_ha1/clock.o
 .debug_loc     0x000019a7      0x504 src/ASF/sam0/drivers/system/clock/clock_samd21_r21_da_ha1/gclk.o
 .debug_loc     0x00001eab      0x322 src/ASF/sam0/drivers/system/pinmux/pinmux.o
 .debug_loc     0x000021cd       0x20 src/ASF/sam0/drivers/system/system.o
 .debug_loc     0x000021ed       0x40 src/ASF/sam0/utils/cmsis/samr21/source/gcc/startup_samr21.o
 .debug_loc     0x0000222d       0xfa src/main.o

.debug_aranges  0x00000000      0x2f8
 .debug_aranges
                0x00000000       0x48 src/ASF/sam0/drivers/extint/extint_callback.o
 .debug_aranges
                0x00000048       0x50 src/ASF/sam0/drivers/extint/extint_sam_d_r_h/extint.o
 .debug_aranges
                0x00000098       0x38 src/led-driver.o
 .debug_aranges
                0x000000d0       0x28 src/ASF/common/utils/interrupt/interrupt_sam_nvic.o
 .debug_aranges
                0x000000f8       0x20 src/ASF/sam0/boards/samr21_xplained_pro/board_init.o
 .debug_aranges
                0x00000118       0x28 src/ASF/sam0/drivers/port/port.o
 .debug_aranges
                0x00000140       0x78 src/ASF/sam0/drivers/system/clock/clock_samd21_r21_da_ha1/clock.o
 .debug_aranges
                0x000001b8       0x80 src/ASF/sam0/drivers/system/clock/clock_samd21_r21_da_ha1/gclk.o
 .debug_aranges
                0x00000238       0x38 src/ASF/sam0/drivers/system/pinmux/pinmux.o
 .debug_aranges
                0x00000270       0x28 src/ASF/sam0/drivers/system/system.o
 .debug_aranges
                0x00000298       0x28 src/ASF/sam0/utils/cmsis/samr21/source/gcc/startup_samr21.o
 .debug_aranges
                0x000002c0       0x38 src/main.o

.debug_ranges   0x00000000      0x2d8
 .debug_ranges  0x00000000       0x90 src/ASF/sam0/drivers/extint/extint_callback.o
 .debug_ranges  0x00000090       0x40 src/ASF/sam0/drivers/extint/extint_sam_d_r_h/extint.o
 .debug_ranges  0x000000d0       0x40 src/led-driver.o
 .debug_ranges  0x00000110       0x18 src/ASF/common/utils/interrupt/interrupt_sam_nvic.o
 .debug_ranges  0x00000128       0x10 src/ASF/sam0/boards/samr21_xplained_pro/board_init.o
 .debug_ranges  0x00000138       0x18 src/ASF/sam0/drivers/port/port.o
 .debug_ranges  0x00000150       0x68 src/ASF/sam0/drivers/system/clock/clock_samd21_r21_da_ha1/clock.o
 .debug_ranges  0x000001b8       0x88 src/ASF/sam0/drivers/system/clock/clock_samd21_r21_da_ha1/gclk.o
 .debug_ranges  0x00000240       0x28 src/ASF/sam0/drivers/system/pinmux/pinmux.o
 .debug_ranges  0x00000268       0x18 src/ASF/sam0/drivers/system/system.o
 .debug_ranges  0x00000280       0x18 src/ASF/sam0/utils/cmsis/samr21/source/gcc/startup_samr21.o
 .debug_ranges  0x00000298       0x40 src/main.o

.debug_macro    0x00000000    0x16fd4
 .debug_macro   0x00000000      0x50f src/ASF/sam0/drivers/extint/extint_callback.o
 .debug_macro   0x0000050f      0x8b6 src/ASF/sam0/drivers/extint/extint_callback.o
 .debug_macro   0x00000dc5      0x16d src/ASF/sam0/drivers/extint/extint_callback.o
 .debug_macro   0x00000f32      0x6d7 src/ASF/sam0/drivers/extint/extint_callback.o
 .debug_macro   0x00001609       0x22 src/ASF/sam0/drivers/extint/extint_callback.o
 .debug_macro   0x0000162b       0x87 src/ASF/sam0/drivers/extint/extint_callback.o
 .debug_macro   0x000016b2       0x51 src/ASF/sam0/drivers/extint/extint_callback.o
 .debug_macro   0x00001703       0xef src/ASF/sam0/drivers/extint/extint_callback.o
 .debug_macro   0x000017f2       0x6a src/ASF/sam0/drivers/extint/extint_callback.o
 .debug_macro   0x0000185c      0x1df src/ASF/sam0/drivers/extint/extint_callback.o
 .debug_macro   0x00001a3b       0x10 src/ASF/sam0/drivers/extint/extint_callback.o
 .debug_macro   0x00001a4b       0x76 src/ASF/sam0/drivers/extint/extint_callback.o
 .debug_macro   0x00001ac1       0x16 src/ASF/sam0/drivers/extint/extint_callback.o
 .debug_macro   0x00001ad7      0x6db src/ASF/sam0/drivers/extint/extint_callback.o
 .debug_macro   0x000021b2      0xdd8 src/ASF/sam0/drivers/extint/extint_callback.o
 .debug_macro   0x00002f8a       0x22 src/ASF/sam0/drivers/extint/extint_callback.o
 .debug_macro   0x00002fac       0x40 src/ASF/sam0/drivers/extint/extint_callback.o
 .debug_macro   0x00002fec       0x3a src/ASF/sam0/drivers/extint/extint_callback.o
 .debug_macro   0x00003026       0x1f src/ASF/sam0/drivers/extint/extint_callback.o
 .debug_macro   0x00003045      0x250 src/ASF/sam0/drivers/extint/extint_callback.o
 .debug_macro   0x00003295      0x681 src/ASF/sam0/drivers/extint/extint_callback.o
 .debug_macro   0x00003916      0x8b5 src/ASF/sam0/drivers/extint/extint_callback.o
 .debug_macro   0x000041cb      0xd60 src/ASF/sam0/drivers/extint/extint_callback.o
 .debug_macro   0x00004f2b      0x4cb src/ASF/sam0/drivers/extint/extint_callback.o
 .debug_macro   0x000053f6      0x9f8 src/ASF/sam0/drivers/extint/extint_callback.o
 .debug_macro   0x00005dee      0x82b src/ASF/sam0/drivers/extint/extint_callback.o
 .debug_macro   0x00006619      0x455 src/ASF/sam0/drivers/extint/extint_callback.o
 .debug_macro   0x00006a6e       0x5e src/ASF/sam0/drivers/extint/extint_callback.o
 .debug_macro   0x00006acc      0x21c src/ASF/sam0/drivers/extint/extint_callback.o
 .debug_macro   0x00006ce8      0x78d src/ASF/sam0/drivers/extint/extint_callback.o
 .debug_macro   0x00007475       0x5e src/ASF/sam0/drivers/extint/extint_callback.o
 .debug_macro   0x000074d3      0x60a src/ASF/sam0/drivers/extint/extint_callback.o
 .debug_macro   0x00007add      0x3b6 src/ASF/sam0/drivers/extint/extint_callback.o
 .debug_macro   0x00007e93       0x94 src/ASF/sam0/drivers/extint/extint_callback.o
 .debug_macro   0x00007f27      0xc50 src/ASF/sam0/drivers/extint/extint_callback.o
 .debug_macro   0x00008b77     0x1092 src/ASF/sam0/drivers/extint/extint_callback.o
 .debug_macro   0x00009c09      0xc4a src/ASF/sam0/drivers/extint/extint_callback.o
 .debug_macro   0x0000a853      0x6ba src/ASF/sam0/drivers/extint/extint_callback.o
 .debug_macro   0x0000af0d     0x1b41 src/ASF/sam0/drivers/extint/extint_callback.o
 .debug_macro   0x0000ca4e     0x1440 src/ASF/sam0/drivers/extint/extint_callback.o
 .debug_macro   0x0000de8e      0x344 src/ASF/sam0/drivers/extint/extint_callback.o
 .debug_macro   0x0000e1d2       0x7c src/ASF/sam0/drivers/extint/extint_callback.o
 .debug_macro   0x0000e24e       0xa0 src/ASF/sam0/drivers/extint/extint_callback.o
 .debug_macro   0x0000e2ee       0xca src/ASF/sam0/drivers/extint/extint_callback.o
 .debug_macro   0x0000e3b8       0x94 src/ASF/sam0/drivers/extint/extint_callback.o
 .debug_macro   0x0000e44c       0x58 src/ASF/sam0/drivers/extint/extint_callback.o
 .debug_macro   0x0000e4a4      0x35a src/ASF/sam0/drivers/extint/extint_callback.o
 .debug_macro   0x0000e7fe       0x82 src/ASF/sam0/drivers/extint/extint_callback.o
 .debug_macro   0x0000e880      0x18d src/ASF/sam0/drivers/extint/extint_callback.o
 .debug_macro   0x0000ea0d       0xa0 src/ASF/sam0/drivers/extint/extint_callback.o
 .debug_macro   0x0000eaad       0xb2 src/ASF/sam0/drivers/extint/extint_callback.o
 .debug_macro   0x0000eb5f       0x1c src/ASF/sam0/drivers/extint/extint_callback.o
 .debug_macro   0x0000eb7b       0x1c src/ASF/sam0/drivers/extint/extint_callback.o
 .debug_macro   0x0000eb97       0x1c src/ASF/sam0/drivers/extint/extint_callback.o
 .debug_macro   0x0000ebb3       0x7c src/ASF/sam0/drivers/extint/extint_callback.o
 .debug_macro   0x0000ec2f      0x1bf src/ASF/sam0/drivers/extint/extint_callback.o
 .debug_macro   0x0000edee       0x16 src/ASF/sam0/drivers/extint/extint_callback.o
 .debug_macro   0x0000ee04       0xdc src/ASF/sam0/drivers/extint/extint_callback.o
 .debug_macro   0x0000eee0      0x128 src/ASF/sam0/drivers/extint/extint_callback.o
 .debug_macro   0x0000f008      0x128 src/ASF/sam0/drivers/extint/extint_callback.o
 .debug_macro   0x0000f130      0x128 src/ASF/sam0/drivers/extint/extint_callback.o
 .debug_macro   0x0000f258      0x128 src/ASF/sam0/drivers/extint/extint_callback.o
 .debug_macro   0x0000f380      0x128 src/ASF/sam0/drivers/extint/extint_callback.o
 .debug_macro   0x0000f4a8      0x128 src/ASF/sam0/drivers/extint/extint_callback.o
 .debug_macro   0x0000f5d0      0x11e src/ASF/sam0/drivers/extint/extint_callback.o
 .debug_macro   0x0000f6ee       0xe2 src/ASF/sam0/drivers/extint/extint_callback.o
 .debug_macro   0x0000f7d0       0xe2 src/ASF/sam0/drivers/extint/extint_callback.o
 .debug_macro   0x0000f8b2       0xe2 src/ASF/sam0/drivers/extint/extint_callback.o
 .debug_macro   0x0000f994      0x12a src/ASF/sam0/drivers/extint/extint_callback.o
 .debug_macro   0x0000fabe      0x100 src/ASF/sam0/drivers/extint/extint_callback.o
 .debug_macro   0x0000fbbe       0xf4 src/ASF/sam0/drivers/extint/extint_callback.o
 .debug_macro   0x0000fcb2      0x40f src/ASF/sam0/drivers/extint/extint_callback.o
 .debug_macro   0x000100c1       0x40 src/ASF/sam0/drivers/extint/extint_callback.o
 .debug_macro   0x00010101      0x345 src/ASF/sam0/drivers/extint/extint_callback.o
 .debug_macro   0x00010446     0x1742 src/ASF/sam0/drivers/extint/extint_callback.o
 .debug_macro   0x00011b88       0x74 src/ASF/sam0/drivers/extint/extint_callback.o
 .debug_macro   0x00011bfc       0x58 src/ASF/sam0/drivers/extint/extint_callback.o
 .debug_macro   0x00011c54       0x35 src/ASF/sam0/drivers/extint/extint_callback.o
 .debug_macro   0x00011c89       0x9c src/ASF/sam0/drivers/extint/extint_callback.o
 .debug_macro   0x00011d25       0x16 src/ASF/sam0/drivers/extint/extint_callback.o
 .debug_macro   0x00011d3b       0x35 src/ASF/sam0/drivers/extint/extint_callback.o
 .debug_macro   0x00011d70      0x353 src/ASF/sam0/drivers/extint/extint_callback.o
 .debug_macro   0x000120c3       0x10 src/ASF/sam0/drivers/extint/extint_callback.o
 .debug_macro   0x000120d3       0x58 src/ASF/sam0/drivers/extint/extint_callback.o
 .debug_macro   0x0001212b       0x1f src/ASF/sam0/drivers/extint/extint_callback.o
 .debug_macro   0x0001214a       0x43 src/ASF/sam0/drivers/extint/extint_callback.o
 .debug_macro   0x0001218d       0x20 src/ASF/sam0/drivers/extint/extint_callback.o
 .debug_macro   0x000121ad      0x187 src/ASF/sam0/drivers/extint/extint_callback.o
 .debug_macro   0x00012334       0x10 src/ASF/sam0/drivers/extint/extint_callback.o
 .debug_macro   0x00012344       0x1c src/ASF/sam0/drivers/extint/extint_callback.o
 .debug_macro   0x00012360       0x52 src/ASF/sam0/drivers/extint/extint_callback.o
 .debug_macro   0x000123b2       0x40 src/ASF/sam0/drivers/extint/extint_callback.o
 .debug_macro   0x000123f2       0x10 src/ASF/sam0/drivers/extint/extint_callback.o
 .debug_macro   0x00012402       0x40 src/ASF/sam0/drivers/extint/extint_callback.o
 .debug_macro   0x00012442       0xd7 src/ASF/sam0/drivers/extint/extint_callback.o
 .debug_macro   0x00012519       0x16 src/ASF/sam0/drivers/extint/extint_callback.o
 .debug_macro   0x0001252f      0x18b src/ASF/sam0/drivers/extint/extint_callback.o
 .debug_macro   0x000126ba       0x16 src/ASF/sam0/drivers/extint/extint_callback.o
 .debug_macro   0x000126d0       0x16 src/ASF/sam0/drivers/extint/extint_callback.o
 .debug_macro   0x000126e6       0x29 src/ASF/sam0/drivers/extint/extint_callback.o
 .debug_macro   0x0001270f       0x51 src/ASF/sam0/drivers/extint/extint_callback.o
 .debug_macro   0x00012760       0x3e src/ASF/sam0/drivers/extint/extint_callback.o
 .debug_macro   0x0001279e      0x3df src/ASF/sam0/drivers/extint/extint_callback.o
 .debug_macro   0x00012b7d       0x11 src/ASF/sam0/drivers/extint/extint_callback.o
 .debug_macro   0x00012b8e       0x19 src/ASF/sam0/drivers/extint/extint_callback.o
 .debug_macro   0x00012ba7      0x569 src/ASF/sam0/drivers/extint/extint_sam_d_r_h/extint.o
 .debug_macro   0x00013110       0x11 src/ASF/sam0/drivers/extint/extint_sam_d_r_h/extint.o
 .debug_macro   0x00013121       0x16 src/ASF/sam0/drivers/extint/extint_sam_d_r_h/extint.o
 .debug_macro   0x00013137       0x2e src/ASF/sam0/drivers/extint/extint_sam_d_r_h/extint.o
 .debug_macro   0x00013165       0x1f src/ASF/sam0/drivers/extint/extint_sam_d_r_h/extint.o
 .debug_macro   0x00013184       0x16 src/ASF/sam0/drivers/extint/extint_sam_d_r_h/extint.o
 .debug_macro   0x0001319a      0x5a5 src/led-driver.o
 .debug_macro   0x0001373f      0x2c3 src/led-driver.o
 .debug_macro   0x00013a02      0x69a src/led-driver.o
 .debug_macro   0x0001409c       0x1f src/led-driver.o
 .debug_macro   0x000140bb      0x4ea src/ASF/common/utils/interrupt/interrupt_sam_nvic.o
 .debug_macro   0x000145a5      0x526 src/ASF/sam0/boards/samr21_xplained_pro/board_init.o
 .debug_macro   0x00014acb       0x19 src/ASF/sam0/boards/samr21_xplained_pro/board_init.o
 .debug_macro   0x00014ae4      0x504 src/ASF/sam0/drivers/port/port.o
 .debug_macro   0x00014fe8      0x55b src/ASF/sam0/drivers/system/clock/clock_samd21_r21_da_ha1/clock.o
 .debug_macro   0x00015543      0x298 src/ASF/sam0/drivers/system/clock/clock_samd21_r21_da_ha1/clock.o
 .debug_macro   0x000157db      0x520 src/ASF/sam0/drivers/system/clock/clock_samd21_r21_da_ha1/gclk.o
 .debug_macro   0x00015cfb      0x4fc src/ASF/sam0/drivers/system/pinmux/pinmux.o
 .debug_macro   0x000161f7      0x52d src/ASF/sam0/drivers/system/system.o
 .debug_macro   0x00016724      0x2d1 src/ASF/sam0/utils/cmsis/samr21/source/gcc/startup_samr21.o
 .debug_macro   0x000169f5       0x3a src/ASF/sam0/utils/cmsis/samr21/source/gcc/startup_samr21.o
 .debug_macro   0x00016a2f      0x5a5 src/main.o

.debug_line     0x00000000     0x7a6d
 .debug_line    0x00000000      0x9bc src/ASF/sam0/drivers/extint/extint_callback.o
 .debug_line    0x000009bc      0xc1c src/ASF/sam0/drivers/extint/extint_sam_d_r_h/extint.o
 .debug_line    0x000015d8      0xbf1 src/led-driver.o
 .debug_line    0x000021c9      0x8b9 src/ASF/common/utils/interrupt/interrupt_sam_nvic.o
 .debug_line    0x00002a82      0x961 src/ASF/sam0/boards/samr21_xplained_pro/board_init.o
 .debug_line    0x000033e3      0x8e6 src/ASF/sam0/drivers/port/port.o
 .debug_line    0x00003cc9      0xc3c src/ASF/sam0/drivers/system/clock/clock_samd21_r21_da_ha1/clock.o
 .debug_line    0x00004905      0xc62 src/ASF/sam0/drivers/system/clock/clock_samd21_r21_da_ha1/gclk.o
 .debug_line    0x00005567      0x916 src/ASF/sam0/drivers/system/pinmux/pinmux.o
 .debug_line    0x00005e7d      0x9dd src/ASF/sam0/drivers/system/system.o
 .debug_line    0x0000685a      0x638 src/ASF/sam0/utils/cmsis/samr21/source/gcc/startup_samr21.o
 .debug_line    0x00006e92      0xbdb src/main.o

.debug_str      0x00000000    0x81f9d
 .debug_str     0x00000000    0x7a534 src/ASF/sam0/drivers/extint/extint_callback.o
                              0x7a9d1 (size before relaxing)
 .debug_str     0x0007a534     0x1076 src/ASF/sam0/drivers/extint/extint_sam_d_r_h/extint.o
                              0x7b960 (size before relaxing)
 .debug_str     0x0007b5aa     0x2c21 src/led-driver.o
                              0x7d2d5 (size before relaxing)
 .debug_str     0x0007e1cb       0x94 src/ASF/common/utils/interrupt/interrupt_sam_nvic.o
                              0x7a1b4 (size before relaxing)
 .debug_str     0x0007e25f      0x126 src/ASF/sam0/boards/samr21_xplained_pro/board_init.o
                              0x7ceb1 (size before relaxing)
 .debug_str     0x0007e385       0x5e src/ASF/sam0/drivers/port/port.o
                              0x7a5cf (size before relaxing)
 .debug_str     0x0007e3e3     0x2805 src/ASF/sam0/drivers/system/clock/clock_samd21_r21_da_ha1/clock.o
                              0x7d2f0 (size before relaxing)
 .debug_str     0x00080be8      0x229 src/ASF/sam0/drivers/system/clock/clock_samd21_r21_da_ha1/gclk.o
                              0x7ae47 (size before relaxing)
 .debug_str     0x00080e11       0xf4 src/ASF/sam0/drivers/system/pinmux/pinmux.o
                              0x7a5ab (size before relaxing)
 .debug_str     0x00080f05       0x47 src/ASF/sam0/drivers/system/system.o
                              0x7a26b (size before relaxing)
 .debug_str     0x00080f4c      0xf3c src/ASF/sam0/utils/cmsis/samr21/source/gcc/startup_samr21.o
                              0x6569d (size before relaxing)
 .debug_str     0x00081e88      0x115 src/main.o
                              0x7d2fe (size before relaxing)

.debug_frame    0x00000000      0x648
 .debug_frame   0x00000000       0x7c src/ASF/sam0/drivers/extint/extint_callback.o
 .debug_frame   0x0000007c       0xb8 src/ASF/sam0/drivers/extint/extint_sam_d_r_h/extint.o
 .debug_frame   0x00000134       0x50 src/led-driver.o
 .debug_frame   0x00000184       0x30 src/ASF/common/utils/interrupt/interrupt_sam_nvic.o
 .debug_frame   0x000001b4       0x30 src/ASF/sam0/boards/samr21_xplained_pro/board_init.o
 .debug_frame   0x000001e4       0x44 src/ASF/sam0/drivers/port/port.o
 .debug_frame   0x00000228      0x14c src/ASF/sam0/drivers/system/clock/clock_samd21_r21_da_ha1/clock.o
 .debug_frame   0x00000374      0x148 src/ASF/sam0/drivers/system/clock/clock_samd21_r21_da_ha1/gclk.o
 .debug_frame   0x000004bc       0x74 src/ASF/sam0/drivers/system/pinmux/pinmux.o
 .debug_frame   0x00000530       0x38 src/ASF/sam0/drivers/system/system.o
 .debug_frame   0x00000568       0x40 src/ASF/sam0/utils/cmsis/samr21/source/gcc/startup_samr21.o
 .debug_frame   0x000005a8       0x74 src/main.o
 .debug_frame   0x0000061c       0x2c c:/program files (x86)/atmel/studio/7.0/toolchain/arm/arm-gnu-toolchain/bin/../lib/gcc/arm-none-eabi/6.3.1/../../../../arm-none-eabi/lib/thumb/v6-m\libc_nano.a(lib_a-init.o)

Cross Reference Table

Symbol                                            File
AC_Handler                                        src/ASF/sam0/utils/cmsis/samr21/source/gcc/startup_samr21.o
ADC_Handler                                       src/ASF/sam0/utils/cmsis/samr21/source/gcc/startup_samr21.o
DMAC_Handler                                      src/ASF/sam0/utils/cmsis/samr21/source/gcc/startup_samr21.o
Dummy_Handler                                     src/ASF/sam0/utils/cmsis/samr21/source/gcc/startup_samr21.o
EIC_Handler                                       src/ASF/sam0/drivers/extint/extint_callback.o
EVSYS_Handler                                     src/ASF/sam0/utils/cmsis/samr21/source/gcc/startup_samr21.o
HardFault_Handler                                 src/ASF/sam0/utils/cmsis/samr21/source/gcc/startup_samr21.o
NMI_Handler                                       src/ASF/sam0/utils/cmsis/samr21/source/gcc/startup_samr21.o
NVMCTRL_Handler                                   src/ASF/sam0/utils/cmsis/samr21/source/gcc/startup_samr21.o
PM_Handler                                        src/ASF/sam0/utils/cmsis/samr21/source/gcc/startup_samr21.o
PTC_Handler                                       src/ASF/sam0/utils/cmsis/samr21/source/gcc/startup_samr21.o
PendSV_Handler                                    src/ASF/sam0/utils/cmsis/samr21/source/gcc/startup_samr21.o
RTC_Handler                                       src/ASF/sam0/utils/cmsis/samr21/source/gcc/startup_samr21.o
Reset_Handler                                     src/ASF/sam0/utils/cmsis/samr21/source/gcc/startup_samr21.o
SERCOM0_Handler                                   src/ASF/sam0/utils/cmsis/samr21/source/gcc/startup_samr21.o
SERCOM1_Handler                                   src/ASF/sam0/utils/cmsis/samr21/source/gcc/startup_samr21.o
SERCOM2_Handler                                   src/ASF/sam0/utils/cmsis/samr21/source/gcc/startup_samr21.o
SERCOM3_Handler                                   src/ASF/sam0/utils/cmsis/samr21/source/gcc/startup_samr21.o
SERCOM4_Handler                                   src/ASF/sam0/utils/cmsis/samr21/source/gcc/startup_samr21.o
SERCOM5_Handler                                   src/ASF/sam0/utils/cmsis/samr21/source/gcc/startup_samr21.o
SVC_Handler                                       src/ASF/sam0/utils/cmsis/samr21/source/gcc/startup_samr21.o
SYSCTRL_Handler                                   src/ASF/sam0/utils/cmsis/samr21/source/gcc/startup_samr21.o
SysTick_Handler                                   src/ASF/sam0/utils/cmsis/samr21/source/gcc/startup_samr21.o
SystemCoreClock                                   src/ASF/sam0/utils/cmsis/samr21/source/system_samr21.o
SystemCoreClockUpdate                             src/ASF/sam0/utils/cmsis/samr21/source/system_samr21.o
SystemInit                                        src/ASF/sam0/utils/cmsis/samr21/source/system_samr21.o
TC3_Handler                                       src/ASF/sam0/utils/cmsis/samr21/source/gcc/startup_samr21.o
TC4_Handler                                       src/ASF/sam0/utils/cmsis/samr21/source/gcc/startup_samr21.o
TC5_Handler                                       src/ASF/sam0/utils/cmsis/samr21/source/gcc/startup_samr21.o
TCC0_Handler                                      src/ASF/sam0/utils/cmsis/samr21/source/gcc/startup_samr21.o
TCC1_Handler                                      src/ASF/sam0/utils/cmsis/samr21/source/gcc/startup_samr21.o
TCC2_Handler                                      src/ASF/sam0/utils/cmsis/samr21/source/gcc/startup_samr21.o
USB_Handler                                       src/ASF/sam0/utils/cmsis/samr21/source/gcc/startup_samr21.o
WDT_Handler                                       src/ASF/sam0/utils/cmsis/samr21/source/gcc/startup_samr21.o
_Jv_RegisterClasses                               c:/program files (x86)/atmel/studio/7.0/toolchain/arm/arm-gnu-toolchain/bin/../lib/gcc/arm-none-eabi/6.3.1/thumb/v6-m/crtbegin.o
__aeabi_idiv0                                     c:/program files (x86)/atmel/studio/7.0/toolchain/arm/arm-gnu-toolchain/bin/../lib/gcc/arm-none-eabi/6.3.1/thumb/v6-m\libgcc.a(_dvmd_tls.o)
                                                  c:/program files (x86)/atmel/studio/7.0/toolchain/arm/arm-gnu-toolchain/bin/../lib/gcc/arm-none-eabi/6.3.1/thumb/v6-m\libgcc.a(_udivsi3.o)
__aeabi_ldiv0                                     c:/program files (x86)/atmel/studio/7.0/toolchain/arm/arm-gnu-toolchain/bin/../lib/gcc/arm-none-eabi/6.3.1/thumb/v6-m\libgcc.a(_dvmd_tls.o)
__aeabi_uidiv                                     c:/program files (x86)/atmel/studio/7.0/toolchain/arm/arm-gnu-toolchain/bin/../lib/gcc/arm-none-eabi/6.3.1/thumb/v6-m\libgcc.a(_udivsi3.o)
                                                  src/ASF/sam0/drivers/system/clock/clock_samd21_r21_da_ha1/gclk.o
                                                  src/ASF/sam0/drivers/system/clock/clock_samd21_r21_da_ha1/clock.o
__aeabi_uidivmod                                  c:/program files (x86)/atmel/studio/7.0/toolchain/arm/arm-gnu-toolchain/bin/../lib/gcc/arm-none-eabi/6.3.1/thumb/v6-m\libgcc.a(_udivsi3.o)
__bss_end__                                       c:/program files (x86)/atmel/studio/7.0/toolchain/arm/arm-gnu-toolchain/bin/../lib/gcc/arm-none-eabi/6.3.1/../../../../arm-none-eabi/lib/thumb/v6-m/crt0.o
__bss_start__                                     c:/program files (x86)/atmel/studio/7.0/toolchain/arm/arm-gnu-toolchain/bin/../lib/gcc/arm-none-eabi/6.3.1/../../../../arm-none-eabi/lib/thumb/v6-m/crt0.o
__call_exitprocs                                  c:/program files (x86)/atmel/studio/7.0/toolchain/arm/arm-gnu-toolchain/bin/../lib/gcc/arm-none-eabi/6.3.1/../../../../arm-none-eabi/lib/thumb/v6-m\libc_nano.a(lib_a-exit.o)
__deregister_frame_info                           c:/program files (x86)/atmel/studio/7.0/toolchain/arm/arm-gnu-toolchain/bin/../lib/gcc/arm-none-eabi/6.3.1/thumb/v6-m/crtbegin.o
__dso_handle                                      c:/program files (x86)/atmel/studio/7.0/toolchain/arm/arm-gnu-toolchain/bin/../lib/gcc/arm-none-eabi/6.3.1/thumb/v6-m/crtbegin.o
__init_array_end                                  c:/program files (x86)/atmel/studio/7.0/toolchain/arm/arm-gnu-toolchain/bin/../lib/gcc/arm-none-eabi/6.3.1/../../../../arm-none-eabi/lib/thumb/v6-m\libc_nano.a(lib_a-init.o)
__init_array_start                                c:/program files (x86)/atmel/studio/7.0/toolchain/arm/arm-gnu-toolchain/bin/../lib/gcc/arm-none-eabi/6.3.1/../../../../arm-none-eabi/lib/thumb/v6-m\libc_nano.a(lib_a-init.o)
__libc_fini_array                                 c:/program files (x86)/atmel/studio/7.0/toolchain/arm/arm-gnu-toolchain/bin/../lib/gcc/arm-none-eabi/6.3.1/../../../../arm-none-eabi/lib/thumb/v6-m/crt0.o
__libc_init_array                                 c:/program files (x86)/atmel/studio/7.0/toolchain/arm/arm-gnu-toolchain/bin/../lib/gcc/arm-none-eabi/6.3.1/../../../../arm-none-eabi/lib/thumb/v6-m\libc_nano.a(lib_a-init.o)
                                                  src/ASF/sam0/utils/cmsis/samr21/source/gcc/startup_samr21.o
                                                  c:/program files (x86)/atmel/studio/7.0/toolchain/arm/arm-gnu-toolchain/bin/../lib/gcc/arm-none-eabi/6.3.1/../../../../arm-none-eabi/lib/thumb/v6-m/crt0.o
__preinit_array_end                               c:/program files (x86)/atmel/studio/7.0/toolchain/arm/arm-gnu-toolchain/bin/../lib/gcc/arm-none-eabi/6.3.1/../../../../arm-none-eabi/lib/thumb/v6-m\libc_nano.a(lib_a-init.o)
__preinit_array_start                             c:/program files (x86)/atmel/studio/7.0/toolchain/arm/arm-gnu-toolchain/bin/../lib/gcc/arm-none-eabi/6.3.1/../../../../arm-none-eabi/lib/thumb/v6-m\libc_nano.a(lib_a-init.o)
__register_frame_info                             c:/program files (x86)/atmel/studio/7.0/toolchain/arm/arm-gnu-toolchain/bin/../lib/gcc/arm-none-eabi/6.3.1/thumb/v6-m/crtbegin.o
__sf_fake_stderr                                  c:/program files (x86)/atmel/studio/7.0/toolchain/arm/arm-gnu-toolchain/bin/../lib/gcc/arm-none-eabi/6.3.1/../../../../arm-none-eabi/lib/thumb/v6-m\libc_nano.a(lib_a-impure.o)
__sf_fake_stdin                                   c:/program files (x86)/atmel/studio/7.0/toolchain/arm/arm-gnu-toolchain/bin/../lib/gcc/arm-none-eabi/6.3.1/../../../../arm-none-eabi/lib/thumb/v6-m\libc_nano.a(lib_a-impure.o)
__sf_fake_stdout                                  c:/program files (x86)/atmel/studio/7.0/toolchain/arm/arm-gnu-toolchain/bin/../lib/gcc/arm-none-eabi/6.3.1/../../../../arm-none-eabi/lib/thumb/v6-m\libc_nano.a(lib_a-impure.o)
__stack                                           c:/program files (x86)/atmel/studio/7.0/toolchain/arm/arm-gnu-toolchain/bin/../lib/gcc/arm-none-eabi/6.3.1/../../../../arm-none-eabi/lib/thumb/v6-m/crt0.o
__udivsi3                                         c:/program files (x86)/atmel/studio/7.0/toolchain/arm/arm-gnu-toolchain/bin/../lib/gcc/arm-none-eabi/6.3.1/thumb/v6-m\libgcc.a(_udivsi3.o)
_close                                            src/ASF/sam0/utils/syscalls/gcc/syscalls.o
_current_channel                                  src/ASF/sam0/drivers/extint/extint_callback.o
_end                                              src/ASF/sam0/utils/syscalls/gcc/syscalls.o
_erelocate                                        src/ASF/sam0/utils/cmsis/samr21/source/gcc/startup_samr21.o
_estack                                           src/ASF/sam0/utils/cmsis/samr21/source/gcc/startup_samr21.o
_etext                                            src/ASF/sam0/utils/cmsis/samr21/source/gcc/startup_samr21.o
_exit                                             src/ASF/sam0/utils/syscalls/gcc/syscalls.o
                                                  c:/program files (x86)/atmel/studio/7.0/toolchain/arm/arm-gnu-toolchain/bin/../lib/gcc/arm-none-eabi/6.3.1/../../../../arm-none-eabi/lib/thumb/v6-m\libc_nano.a(lib_a-exit.o)
_extint_dev                                       src/ASF/sam0/drivers/extint/extint_sam_d_r_h/extint.o
                                                  src/ASF/sam0/drivers/extint/extint_callback.o
_ezero                                            src/ASF/sam0/utils/cmsis/samr21/source/gcc/startup_samr21.o
_fini                                             c:/program files (x86)/atmel/studio/7.0/toolchain/arm/arm-gnu-toolchain/bin/../lib/gcc/arm-none-eabi/6.3.1/thumb/v6-m/crti.o
_fstat                                            src/ASF/sam0/utils/syscalls/gcc/syscalls.o
_getpid                                           src/ASF/sam0/utils/syscalls/gcc/syscalls.o
_global_impure_ptr                                c:/program files (x86)/atmel/studio/7.0/toolchain/arm/arm-gnu-toolchain/bin/../lib/gcc/arm-none-eabi/6.3.1/../../../../arm-none-eabi/lib/thumb/v6-m\libc_nano.a(lib_a-impure.o)
                                                  c:/program files (x86)/atmel/studio/7.0/toolchain/arm/arm-gnu-toolchain/bin/../lib/gcc/arm-none-eabi/6.3.1/../../../../arm-none-eabi/lib/thumb/v6-m\libc_nano.a(lib_a-exit.o)
_impure_ptr                                       c:/program files (x86)/atmel/studio/7.0/toolchain/arm/arm-gnu-toolchain/bin/../lib/gcc/arm-none-eabi/6.3.1/../../../../arm-none-eabi/lib/thumb/v6-m\libc_nano.a(lib_a-impure.o)
_init                                             c:/program files (x86)/atmel/studio/7.0/toolchain/arm/arm-gnu-toolchain/bin/../lib/gcc/arm-none-eabi/6.3.1/thumb/v6-m/crti.o
                                                  c:/program files (x86)/atmel/studio/7.0/toolchain/arm/arm-gnu-toolchain/bin/../lib/gcc/arm-none-eabi/6.3.1/../../../../arm-none-eabi/lib/thumb/v6-m\libc_nano.a(lib_a-init.o)
_isatty                                           src/ASF/sam0/utils/syscalls/gcc/syscalls.o
_kill                                             src/ASF/sam0/utils/syscalls/gcc/syscalls.o
_lseek                                            src/ASF/sam0/utils/syscalls/gcc/syscalls.o
_mainCRTStartup                                   c:/program files (x86)/atmel/studio/7.0/toolchain/arm/arm-gnu-toolchain/bin/../lib/gcc/arm-none-eabi/6.3.1/../../../../arm-none-eabi/lib/thumb/v6-m/crt0.o
_sbrk                                             src/ASF/sam0/utils/syscalls/gcc/syscalls.o
_sfixed                                           src/ASF/sam0/utils/cmsis/samr21/source/gcc/startup_samr21.o
_srelocate                                        src/ASF/sam0/utils/cmsis/samr21/source/gcc/startup_samr21.o
_start                                            c:/program files (x86)/atmel/studio/7.0/toolchain/arm/arm-gnu-toolchain/bin/../lib/gcc/arm-none-eabi/6.3.1/../../../../arm-none-eabi/lib/thumb/v6-m/crt0.o
_system_divas_init                                src/ASF/sam0/drivers/system/system.o
_system_dummy_init                                src/ASF/sam0/drivers/system/system.o
_system_events_init                               src/ASF/sam0/drivers/system/system.o
_system_extint_init                               src/ASF/sam0/drivers/extint/extint_sam_d_r_h/extint.o
_szero                                            src/ASF/sam0/utils/cmsis/samr21/source/gcc/startup_samr21.o
atexit                                            c:/program files (x86)/atmel/studio/7.0/toolchain/arm/arm-gnu-toolchain/bin/../lib/gcc/arm-none-eabi/6.3.1/../../../../arm-none-eabi/lib/thumb/v6-m/crt0.o
board_init                                        src/ASF/sam0/boards/samr21_xplained_pro/board_init.o
configure_extint_callbacks                        src/main.o
configure_extint_channel                          src/main.o
cpu_irq_enter_critical                            src/ASF/common/utils/interrupt/interrupt_sam_nvic.o
                                                  src/ASF/sam0/drivers/system/clock/clock_samd21_r21_da_ha1/gclk.o
cpu_irq_leave_critical                            src/ASF/common/utils/interrupt/interrupt_sam_nvic.o
                                                  src/ASF/sam0/drivers/system/clock/clock_samd21_r21_da_ha1/gclk.o
exception_table                                   src/ASF/sam0/utils/cmsis/samr21/source/gcc/startup_samr21.o
exit                                              c:/program files (x86)/atmel/studio/7.0/toolchain/arm/arm-gnu-toolchain/bin/../lib/gcc/arm-none-eabi/6.3.1/../../../../arm-none-eabi/lib/thumb/v6-m\libc_nano.a(lib_a-exit.o)
                                                  c:/program files (x86)/atmel/studio/7.0/toolchain/arm/arm-gnu-toolchain/bin/../lib/gcc/arm-none-eabi/6.3.1/../../../../arm-none-eabi/lib/thumb/v6-m/crt0.o
extint_chan_disable_callback                      src/ASF/sam0/drivers/extint/extint_callback.o
extint_chan_enable_callback                       src/ASF/sam0/drivers/extint/extint_callback.o
                                                  src/main.o
extint_chan_get_config_defaults                   src/ASF/sam0/drivers/extint/extint_sam_d_r_h/extint.o
                                                  src/main.o
extint_chan_set_config                            src/ASF/sam0/drivers/extint/extint_sam_d_r_h/extint.o
                                                  src/main.o
extint_detection_callback                         src/main.o
extint_disable_events                             src/ASF/sam0/drivers/extint/extint_sam_d_r_h/extint.o
extint_enable_events                              src/ASF/sam0/drivers/extint/extint_sam_d_r_h/extint.o
extint_get_current_channel                        src/ASF/sam0/drivers/extint/extint_callback.o
extint_nmi_set_config                             src/ASF/sam0/drivers/extint/extint_sam_d_r_h/extint.o
extint_register_callback                          src/ASF/sam0/drivers/extint/extint_callback.o
                                                  src/main.o
extint_unregister_callback                        src/ASF/sam0/drivers/extint/extint_callback.o
g_interrupt_enabled                               src/ASF/common/utils/interrupt/interrupt_sam_nvic.o
                                                  src/main.o
hardware_init_hook                                c:/program files (x86)/atmel/studio/7.0/toolchain/arm/arm-gnu-toolchain/bin/../lib/gcc/arm-none-eabi/6.3.1/../../../../arm-none-eabi/lib/thumb/v6-m/crt0.o
ledValue                                          src/led-driver.o
led_config                                        src/led-driver.o
                                                  src/main.o
led_off                                           src/led-driver.o
                                                  src/main.o
led_on                                            src/led-driver.o
                                                  src/main.o
led_toggle                                        src/led-driver.o
link                                              src/ASF/sam0/utils/syscalls/gcc/syscalls.o
main                                              src/main.o
                                                  src/ASF/sam0/utils/cmsis/samr21/source/gcc/startup_samr21.o
                                                  c:/program files (x86)/atmel/studio/7.0/toolchain/arm/arm-gnu-toolchain/bin/../lib/gcc/arm-none-eabi/6.3.1/../../../../arm-none-eabi/lib/thumb/v6-m/crt0.o
memset                                            c:/program files (x86)/atmel/studio/7.0/toolchain/arm/arm-gnu-toolchain/bin/../lib/gcc/arm-none-eabi/6.3.1/../../../../arm-none-eabi/lib/thumb/v6-m\libc_nano.a(lib_a-memset.o)
                                                  c:/program files (x86)/atmel/studio/7.0/toolchain/arm/arm-gnu-toolchain/bin/../lib/gcc/arm-none-eabi/6.3.1/../../../../arm-none-eabi/lib/thumb/v6-m/crt0.o
port_group_set_config                             src/ASF/sam0/drivers/port/port.o
port_pin_set_config                               src/ASF/sam0/drivers/port/port.o
                                                  src/ASF/sam0/boards/samr21_xplained_pro/board_init.o
software_init_hook                                c:/program files (x86)/atmel/studio/7.0/toolchain/arm/arm-gnu-toolchain/bin/../lib/gcc/arm-none-eabi/6.3.1/../../../../arm-none-eabi/lib/thumb/v6-m/crt0.o
system_board_init                                 src/ASF/sam0/boards/samr21_xplained_pro/board_init.o
system_clock_init                                 src/ASF/sam0/drivers/system/clock/clock_samd21_r21_da_ha1/clock.o
system_clock_source_dfll_set_config               src/ASF/sam0/drivers/system/clock/clock_samd21_r21_da_ha1/clock.o
system_clock_source_disable                       src/ASF/sam0/drivers/system/clock/clock_samd21_r21_da_ha1/clock.o
system_clock_source_dpll_set_config               src/ASF/sam0/drivers/system/clock/clock_samd21_r21_da_ha1/clock.o
system_clock_source_enable                        src/ASF/sam0/drivers/system/clock/clock_samd21_r21_da_ha1/clock.o
system_clock_source_get_hz                        src/ASF/sam0/drivers/system/clock/clock_samd21_r21_da_ha1/clock.o
                                                  src/ASF/sam0/drivers/system/clock/clock_samd21_r21_da_ha1/gclk.o
system_clock_source_is_ready                      src/ASF/sam0/drivers/system/clock/clock_samd21_r21_da_ha1/clock.o
system_clock_source_osc32k_set_config             src/ASF/sam0/drivers/system/clock/clock_samd21_r21_da_ha1/clock.o
system_clock_source_osc8m_set_config              src/ASF/sam0/drivers/system/clock/clock_samd21_r21_da_ha1/clock.o
system_clock_source_write_calibration             src/ASF/sam0/drivers/system/clock/clock_samd21_r21_da_ha1/clock.o
system_clock_source_xosc32k_set_config            src/ASF/sam0/drivers/system/clock/clock_samd21_r21_da_ha1/clock.o
system_clock_source_xosc_set_config               src/ASF/sam0/drivers/system/clock/clock_samd21_r21_da_ha1/clock.o
system_gclk_chan_disable                          src/ASF/sam0/drivers/system/clock/clock_samd21_r21_da_ha1/gclk.o
                                                  src/ASF/sam0/drivers/extint/extint_sam_d_r_h/extint.o
system_gclk_chan_enable                           src/ASF/sam0/drivers/system/clock/clock_samd21_r21_da_ha1/gclk.o
                                                  src/ASF/sam0/drivers/extint/extint_sam_d_r_h/extint.o
system_gclk_chan_get_hz                           src/ASF/sam0/drivers/system/clock/clock_samd21_r21_da_ha1/gclk.o
                                                  src/ASF/sam0/drivers/system/clock/clock_samd21_r21_da_ha1/clock.o
system_gclk_chan_is_enabled                       src/ASF/sam0/drivers/system/clock/clock_samd21_r21_da_ha1/gclk.o
system_gclk_chan_is_locked                        src/ASF/sam0/drivers/system/clock/clock_samd21_r21_da_ha1/gclk.o
system_gclk_chan_lock                             src/ASF/sam0/drivers/system/clock/clock_samd21_r21_da_ha1/gclk.o
system_gclk_chan_set_config                       src/ASF/sam0/drivers/system/clock/clock_samd21_r21_da_ha1/gclk.o
                                                  src/ASF/sam0/drivers/system/clock/clock_samd21_r21_da_ha1/clock.o
                                                  src/ASF/sam0/drivers/extint/extint_sam_d_r_h/extint.o
system_gclk_gen_disable                           src/ASF/sam0/drivers/system/clock/clock_samd21_r21_da_ha1/gclk.o
system_gclk_gen_enable                            src/ASF/sam0/drivers/system/clock/clock_samd21_r21_da_ha1/gclk.o
                                                  src/ASF/sam0/drivers/system/clock/clock_samd21_r21_da_ha1/clock.o
system_gclk_gen_get_hz                            src/ASF/sam0/drivers/system/clock/clock_samd21_r21_da_ha1/gclk.o
system_gclk_gen_is_enabled                        src/ASF/sam0/drivers/system/clock/clock_samd21_r21_da_ha1/gclk.o
system_gclk_gen_set_config                        src/ASF/sam0/drivers/system/clock/clock_samd21_r21_da_ha1/gclk.o
                                                  src/ASF/sam0/drivers/system/clock/clock_samd21_r21_da_ha1/clock.o
system_gclk_init                                  src/ASF/sam0/drivers/system/clock/clock_samd21_r21_da_ha1/gclk.o
                                                  src/ASF/sam0/drivers/system/clock/clock_samd21_r21_da_ha1/clock.o
system_init                                       src/ASF/sam0/drivers/system/system.o
                                                  src/main.o
system_interrupt_clear_pending                    src/ASF/sam0/drivers/system/interrupt/system_interrupt.o
system_interrupt_get_priority                     src/ASF/sam0/drivers/system/interrupt/system_interrupt.o
system_interrupt_is_pending                       src/ASF/sam0/drivers/system/interrupt/system_interrupt.o
system_interrupt_set_pending                      src/ASF/sam0/drivers/system/interrupt/system_interrupt.o
system_interrupt_set_priority                     src/ASF/sam0/drivers/system/interrupt/system_interrupt.o
system_pinmux_group_set_config                    src/ASF/sam0/drivers/system/pinmux/pinmux.o
                                                  src/ASF/sam0/drivers/port/port.o
system_pinmux_group_set_input_sample_mode         src/ASF/sam0/drivers/system/pinmux/pinmux.o
system_pinmux_pin_set_config                      src/ASF/sam0/drivers/system/pinmux/pinmux.o
                                                  src/ASF/sam0/drivers/port/port.o
                                                  src/ASF/sam0/drivers/extint/extint_sam_d_r_h/extint.o
